// Jest Snapshot v1, https://goo.gl/fbAQLP

exports[`Links component renders a heading along with related links 1`] = `
<DocumentFragment>
  .c0 {
  color: var(--color-grey-8);
  font-size: 0.95rem;
  text-transform: uppercase;
}

.c1 {
  list-style: none;
  padding: 0 20px;
}

.c1 li {
  padding: 7px 0;
}

.c2 {
  color: var(--color-grey-8);
  font-size: 0.84rem;
  -webkit-text-decoration: none;
  text-decoration: none;
}

.c2:hover {
  -webkit-text-decoration: underline;
  text-decoration: underline;
}

@media screen and (min-width:650px) {

}

@media screen and (min-width:650px) {
  .c1 {
    padding: 0 10px;
  }
}

@media screen and (min-width:860px) {
  .c1 {
    padding: 0;
  }
}

<div>
    <h3
      class="c0"
    >
      Information
    </h3>
    <ul
      class="c1"
      id="Information"
      style="height: 0px;"
    >
      <li
        style="opacity: 0; transform: translateX(-50px) translateZ(0);"
      >
        <a
          class="c2"
          href="/Link"
        >
          About Us
        </a>
      </li>
      <li
        style="opacity: 0; transform: translateX(-50px) translateZ(0);"
      >
        <a
          class="c2"
          href="/Link"
        >
          Contact
        </a>
      </li>
    </ul>
  </div>
</DocumentFragment>
`;
