// Jest Snapshot v1, https://goo.gl/fbAQLP

exports[`EmailMyBasket component renders a widget that allows users to enter their email address 1`] = `
.c2 {
  border: 0;
  -webkit-clip: rect(0 0 0 0);
  clip: rect(0 0 0 0);
  height: 1px;
  margin: -1px;
  overflow: hidden;
  padding: 0;
  position: absolute;
  width: 1px;
}

.c3 {
  border: 1px solid var(--color-grey-5);
  border-bottom-left-radius: 5px;
  border-top-left-radius: 5px;
  padding: 10px;
  width: 70%;
}

.c0 {
  background-color: var(--color-grey-15);
  border: 1px solid var(--color-grey-12);
  border-radius: var(--border-radius-2xl);
  font-size: var(--font-size-12);
  margin-top: 25px;
  padding: 20px 30px 30px;
}

.c1 {
  border-bottom: 1px solid var(--color-grey-9);
  font-family: 'Uni Sans',sans-serif;
  font-size: var(--font-size-22);
  font-weight: var(--font-weight-semibold);
  margin-bottom: 15px;
  padding: 10px 0;
}

.c4 {
  background: linear-gradient( to bottom, var(--color-sky-blue-3), var(--color-sky-blue-1) );
  border-bottom-right-radius: 5px;
  border-top-right-radius: 5px;
  box-shadow: var(--box-shadow-md);
  color: white;
  cursor: pointer;
  font-weight: var(--font-weight-bold);
  padding: 11px 15px;
  text-transform: uppercase;
  width: 30%;
}

.c4:hover {
  box-shadow: inset 0 0 0 100px rgb(0 0 0 / 10%),var(--box-shadow-hover);
}

.c5 {
  -webkit-align-items: center;
  -webkit-box-align: center;
  -ms-flex-align: center;
  align-items: center;
  display: -webkit-box;
  display: -webkit-flex;
  display: -ms-flexbox;
  display: flex;
  font-size: var(--font-size-13);
  margin: 20px 0;
}

.c6 {
  -webkit-flex-shrink: 0;
  -ms-flex-negative: 0;
  flex-shrink: 0;
  height: 20px;
  margin-right: 10px;
  width: 20px;
}

.c7 {
  color: var(--color-sky-blue-2);
  font-weight: var(--font-weight-bold);
  margin-left: 5px;
  -webkit-text-decoration: none;
  text-decoration: none;
}

.c7:hover {
  -webkit-text-decoration: underline;
  text-decoration: underline;
}

@media screen and (max-width:899px) {
  .c1 {
    text-align: center;
  }
}

<div
  className="c0"
>
  <h2
    className="c1"
  >
    Email my basket
  </h2>
  <form
    action="https://pc-connect.co.uk/subscribe"
    method="post"
  >
    <label
      className="c2"
      htmlFor=":r1:"
    >
      Email:
    </label>
    <input
      aria-required={true}
      autoCapitalize="off"
      className="c3"
      id=":r1:"
      name="email"
      onChange={[Function]}
      placeholder="Email"
      required={true}
      spellCheck="false"
      type="email"
      value=""
    />
    <button
      className="c4"
      type="submit"
    >
      Send
    </button>
    <div
      className="c5"
    >
      <input
        checked={false}
        className="c6"
        id=":r0:"
        name="subscribe"
        onChange={[Function]}
        type="checkbox"
      />
      <label
        htmlFor=":r0:"
      >
        Also send me the latest offers and tech info, you can unsubscribe at any time.
      </label>
    </div>
    Read our
    <a
      className="c7"
      href="/"
      onClick={[Function]}
      onMouseEnter={[Function]}
      onTouchStart={[Function]}
    >
      privacy policy
    </a>
  </form>
</div>
`;
