// Jest Snapshot v1, https://goo.gl/fbAQLP

exports[`EmailMyBasket component renders a widget that allows users to enter their email address 1`] = `
<div
  className="sc-5fef8f85-0 fBlDyN"
>
  <h2
    className="sc-5fef8f85-1 bvkqoa"
  >
    Email my basket
  </h2>
  <form
    action="https://pc-connect.co.uk/subscribe"
    method="post"
  >
    <label
      hidden={true}
      htmlFor=":r0:-email"
    >
      Email
    </label>
    <input
      autoComplete="email"
      className="sc-5fef8f85-2 hXQaxO"
      id=":r0:-email"
      name="email"
      onChange={[Function]}
      placeholder="Email address"
      required={true}
      type="email"
      value=""
    />
    <button
      className="sc-5fef8f85-3 gMZuR"
      type="submit"
    >
      Send
    </button>
    <div
      className="sc-5fef8f85-4 gercnw"
    >
      <input
        checked={false}
        className="sc-5fef8f85-5 flElrc"
        id=":r0:-checkbox"
        name="subscribe"
        onChange={[Function]}
        type="checkbox"
      />
      <label
        htmlFor=":r0:-checkbox"
      >
        Also send me the latest offers and tech info, you can unsubscribe at any time.
      </label>
    </div>
    Read our
    <a
      className="sc-5fef8f85-6 fcIyYN"
      href="/"
      onClick={[Function]}
      onMouseEnter={[Function]}
      onTouchStart={[Function]}
    >
      privacy policy
    </a>
  </form>
</div>
`;
