// Jest Snapshot v1, https://goo.gl/fbAQLP

exports[`EmailMyBasket component renders a widget that allows users to enter their email address 1`] = `
.c0 {
  background-color: var(--color-grey-15);
  border: 1px solid var(--color-grey-12);
  border-radius: 10px;
  font-size: var(--font-size-12);
  margin-top: 25px;
  padding: 20px 30px 30px;
}

.c1 {
  border-bottom: 1px solid var(--color-grey-9);
  font-family: 'Uni Sans',sans-serif;
  font-size: var(--font-size-22);
  font-weight: var(--font-weight-semibold);
  margin-bottom: 15px;
  padding: 10px 0;
}

.c2 {
  border: 1px solid var(--color-grey-5);
  border-bottom-left-radius: 5px;
  border-top-left-radius: 5px;
  padding: 10px;
  width: 70%;
}

.c3 {
  background: linear-gradient(to top,var(--color-blue-3),var(--color-blue-4));
  border-bottom-right-radius: 5px;
  border-top-right-radius: 5px;
  box-shadow: var(--box-shadow-md);
  color: white;
  cursor: pointer;
  font-weight: var(--font-weight-bold);
  padding: 11px 15px;
  text-transform: uppercase;
  width: 30%;
}

.c3:hover {
  background: linear-gradient( to top, var(--color-blue-1), var(--color-blue-2) );
  box-shadow: var(--box-shadow-hover);
}

.c4 {
  -webkit-align-items: center;
  -webkit-box-align: center;
  -ms-flex-align: center;
  align-items: center;
  display: -webkit-box;
  display: -webkit-flex;
  display: -ms-flexbox;
  display: flex;
  font-size: var(--font-size-13);
  margin: 20px 0;
}

.c5 {
  -webkit-flex-shrink: 0;
  -ms-flex-negative: 0;
  flex-shrink: 0;
  height: 20px;
  margin-right: 10px;
  width: 20px;
}

.c6 {
  color: var(--color-blue-4);
  font-weight: var(--font-weight-bold);
  margin-left: 5px;
  -webkit-text-decoration: none;
  text-decoration: none;
}

.c6:hover {
  -webkit-text-decoration: underline;
  text-decoration: underline;
}

@media screen and (max-width:899px) {
  .c1 {
    text-align: center;
  }
}

<div
  className="c0"
>
  <h2
    className="c1"
  >
    Email my basket
  </h2>
  <form
    action="https://pc-connect.co.uk/subscribe"
    method="post"
  >
    <label
      hidden={true}
      htmlFor=":r0:-email"
    >
      Email
    </label>
    <input
      autoComplete="email"
      className="c2"
      id=":r0:-email"
      name="email"
      onChange={[Function]}
      placeholder="Email address"
      required={true}
      type="email"
      value=""
    />
    <button
      className="c3"
      type="submit"
    >
      Send
    </button>
    <div
      className="c4"
    >
      <input
        checked={false}
        className="c5"
        id=":r0:-checkbox"
        name="subscribe"
        onChange={[Function]}
        type="checkbox"
      />
      <label
        htmlFor=":r0:-checkbox"
      >
        Also send me the latest offers and tech info, you can unsubscribe at any time.
      </label>
    </div>
    Read our
    <a
      className="c6"
      href="/"
      onClick={[Function]}
      onMouseEnter={[Function]}
      onTouchStart={[Function]}
    >
      privacy policy
    </a>
  </form>
</div>
`;
