// Jest Snapshot v1, https://goo.gl/fbAQLP

exports[`TodayOnlyBanner component renders a today only offers banner 1`] = `
<div
  className="sc-hKMtZM iuxvJc"
>
  <div
    className="sc-eCYdqJ fxIzfa"
  />
  <h3
    className="sc-jSMfEi gChssM"
  >
    TODAY ONLY
  </h3>
  <h3
    className="sc-gKXOVf bMFknS"
  >
    Fantastic offers, updated every weekday
  </h3>
  <a
    className="sc-gsnTZi iWfFcv"
    data-testid="link-chevron"
    href=""
  >
    View All Offers
    <i
      className="sc-bczRLJ klUGFp material-icons"
    >
      chevron_right
    </i>
  </a>
</div>
`;
