// Jest Snapshot v1, https://goo.gl/fbAQLP

exports[`ProductCard component renders a product card with an image and all product information 1`] = `
<div
  className="sc-kDDrLX leTUAJ"
  data-testid="product"
>
  <div
    className="sc-iqcoie kriKnu"
  >
    <img
      alt=""
      className="sc-crXcEl brVwQW"
      height={200}
      src=""
      width={200}
    />
    <p
      className="sc-evZas cDFuoe"
    >
      Intel Core i5 10400F
    </p>
    <p
      className="sc-breuTD jmuFiM"
    >
      6 Cores, 12 Threads, S1200 Comet Lake, 2.9GHz, 4.3GHz Turbo, 12MB Cache
    </p>
    <div
      className="sc-ksZaOG kJnygA"
    >
      <span
        className="sc-eCYdqJ ejHRxl"
      >
        CPU-INT-10400F
      </span>
    </div>
    <span
      className="sc-bczRLJ eYpvHB"
    >
      <span
        className="sc-gsnTZi iKSuxX"
      >
        £
      </span>
      114
      <span
        className="sc-gsnTZi iKSuxX"
      >
        .99
      </span>
    </span>
    <span
      className="sc-dkzDqf dAHzws"
    >
      <span
        className="sc-hKMtZM ffHsYy"
      >
        Was: 
      </span>
      £129.99
    </span>
    <div
      className="sc-jSMfEi eIqODg"
    >
      <label
        hidden={true}
        htmlFor=":r0:"
      >
        Quantity
      </label>
      <select
        className="sc-gKXOVf hegjUa"
        disabled={false}
        id=":r0:"
        name="quantity"
        onChange={[Function]}
        value={1}
      >
        <option
          value={1}
        >
          1
        </option>
        <option
          value={2}
        >
          2
        </option>
        <option
          value={3}
        >
          3
        </option>
        <option
          value={4}
        >
          4
        </option>
        <option
          value={5}
        >
          5
        </option>
      </select>
      <span
        className="sc-iBkjds hndTfr"
      />
    </div>
    <div
      className="sc-papXJ eHmRKN"
      title="Item is in stock"
    >
      <i
        className="sc-ftvSup cWqIfK material-symbols-outlined"
      >
        inventory
      </i>
      In Stock
    </div>
    <button
      className="sc-jqUVSM mvzBv"
      disabled={false}
      type="button"
    >
      Add To Basket
    </button>
  </div>
</div>
`;
