// Jest Snapshot v1, https://goo.gl/fbAQLP

exports[`TodayOnlyBanner component renders a today only offers banner 1`] = `
.c7 {
  background: linear-gradient(to top,var(--color-grey-5),var(--color-grey-8));
  border-radius: 6px;
  box-shadow: var(--box-shadow-md);
  color: white;
  display: inline-block;
  font-size: var(--font-size-13);
  font-weight: var(--font-weight-bold);
  padding: 12px 25px;
  -webkit-text-decoration: none;
  text-decoration: none;
  text-transform: uppercase;
}

.c7:hover {
  background: linear-gradient( to top, var(--color-grey-6), var(--color-grey-5) );
  box-shadow: var(--box-shadow-hover);
}

.c5 {
  -webkit-align-items: center;
  -webkit-box-align: center;
  -ms-flex-align: center;
  align-items: center;
  color: var(--color-grey-4);
  display: -webkit-box;
  display: -webkit-flex;
  display: -ms-flexbox;
  display: flex;
  font-size: var(--font-size-13);
  font-weight: var(--font-weight-bold);
  -webkit-text-decoration: none;
  text-decoration: none;
  text-transform: uppercase;
}

.c5 svg {
  margin-left: 10px;
}

.c0 {
  background-color: var(--color-red-3);
  background-image: url(/img.jpg);
  background-position: 96% 60%;
  background-repeat: no-repeat;
  border: 1px solid var(--color-grey-12);
  margin: 15px 0;
  overflow: hidden;
  padding: 20px 220px 27px 20px;
  position: relative;
}

.c1 {
  background: linear-gradient(to right,var(--color-red-4),var(--color-red-3));
  border-radius: 50%;
  height: 170px;
  left: -67px;
  position: absolute;
  width: 300px;
}

.c2 {
  color: white;
  font-size: var(--font-size-26);
  z-index: 10;
  font-family: 'Uni Sans',sans-serif;
  font-weight: var(--font-weight-semibold);
}

.c3 {
  font-size: clamp(20px,3.48vw,25px);
  margin-right: auto;
  font-family: 'Uni Sans',sans-serif;
  font-weight: var(--font-weight-semibold);
}

@media screen and (min-width:0px) {
  .c4 {
    display: none;
  }
}

@media screen and (min-width:935px) {
  .c4 {
    display: block;
  }
}

@media screen and (min-width:0px) {
  .c6 {
    display: block;
  }
}

@media screen and (min-width:935px) {
  .c6 {
    display: none;
  }
}

@media screen and (min-width:935px) {
  .c0 {
    display: -webkit-box;
    display: -webkit-flex;
    display: -ms-flexbox;
    display: flex;
    -webkit-align-items: center;
    -webkit-box-align: center;
    -ms-flex-align: center;
    align-items: center;
    -webkit-column-gap: 30px;
    column-gap: 30px;
    background-image: none;
    background-color: white;
    padding: 25px 30px;
  }
}

@media screen and (max-width:934px) {
  .c1 {
    display: none;
  }
}

@media screen and (min-width:575px) {
  .c2 {
    font-size: var(--font-size-30);
    margin-right: 35px;
  }
}

@media screen and (min-width:700px) {
  .c3 {
    font-size: var(--font-size-26);
  }
}

@media screen and (max-width:934px) {
  .c3 {
    margin: 5px 0 15px;
  }
}

<div
  className="c0"
>
  <div
    className="c1"
  />
  <h3
    className="c2"
  >
    TODAY ONLY
  </h3>
  <h3
    className="c3"
  >
    Fantastic offers, updated every weekday
  </h3>
  <div
    className="c4"
  >
    <a
      className="c5"
      href="/"
      onClick={[Function]}
      onMouseEnter={[Function]}
      onTouchStart={[Function]}
    >
      View All Offers
      <svg
        fill="currentColor"
        height={18}
        viewBox="0 0 512 512"
        width={18}
        xmlns="http://www.w3.org/2000/svg"
      >
        <path
          d="M0 256C0 397.4 114.6 512 256 512s256-114.6 256-256S397.4 0 256 0S0 114.6 0 256zM241 377c-9.4 9.4-24.6 9.4-33.9 0s-9.4-24.6 0-33.9l87-87-87-87c-9.4-9.4-9.4-24.6 0-33.9s24.6-9.4 33.9 0L345 239c9.4 9.4 9.4 24.6 0 33.9L241 377z"
        />
      </svg>
    </a>
  </div>
  <div
    className="c6"
  >
    <a
      className="c7"
      href="/"
      onClick={[Function]}
      onMouseEnter={[Function]}
      onTouchStart={[Function]}
    >
      View All Offers
    </a>
  </div>
</div>
`;
