// Jest Snapshot v1, https://goo.gl/fbAQLP

exports[`TodayOnlyBanner component renders a today only offers banner 1`] = `
<div
  className="sc-d1900708-0 bUVuND"
>
  <div
    className="sc-d1900708-1 bJxOxV"
  />
  <h3
    className="sc-d1900708-2 hfCPZM"
  >
    TODAY ONLY
  </h3>
  <h3
    className="sc-d1900708-3 QtRJk"
  >
    Fantastic offers, updated every weekday
  </h3>
  <a
    className="sc-fe62e3ad-0 hthkZu"
    href="/"
    onClick={[Function]}
    onMouseEnter={[Function]}
    onTouchStart={[Function]}
  >
    View All Offers
  </a>
</div>
`;
