// Jest Snapshot v1, https://goo.gl/fbAQLP

exports[`Payments component renders a list of accepted payment methods 1`] = `
<div
  className="sc-jSMfEi iQyKUy"
>
  <ul
    className="sc-gKXOVf bFfhea"
  >
    <li
      className="sc-iBkjds lcBsOn"
    >
      <svg
        aria-label="Visa"
        title="Pay with Visa"
        width={48}
      >
        visa.svg
      </svg>
    </li>
    <li
      className="sc-iBkjds lcBsOn"
    >
      <svg
        aria-label="Mastercard"
        title="Pay with Mastercard"
        width={53}
      >
        mastercard.svg
      </svg>
    </li>
    <li
      className="sc-iBkjds lcBsOn"
    >
      <svg
        aria-label="Visa Electron"
        title="Pay with Visa Electron"
        width={48}
      >
        electron.svg
      </svg>
    </li>
    <li
      className="sc-iBkjds lcBsOn"
    >
      <svg
        aria-label="Amazon Pay"
        title="Pay with Amazon Pay"
        width={54}
      >
        amazon-pay.svg
      </svg>
    </li>
    <li
      className="sc-iBkjds lcBsOn"
    >
      <svg
        aria-label="Maestro"
        title="Pay with Maestro"
        width={47}
      >
        maestro.svg
      </svg>
    </li>
    <li
      className="sc-iBkjds lcBsOn"
    >
      <svg
        aria-label="PayPal"
        title="Pay with PayPal"
        width={54}
      >
        paypal.svg
      </svg>
    </li>
    <li
      className="sc-iBkjds lcBsOn"
    >
      <svg
        aria-label="American Express"
        title="Pay with American Express"
        width={50}
      >
        american-express.svg
      </svg>
    </li>
    <li
      className="sc-iBkjds lcBsOn"
    >
      <svg
        aria-label="Bitcoin"
        title="Pay with Bitcoin"
        width={50}
      >
        bitcoin.svg
      </svg>
    </li>
  </ul>
</div>
`;
