// Jest Snapshot v1, https://goo.gl/fbAQLP

exports[`TopBannerSmall component renders a banner with 3 icons and text next to each one 1`] = `
<div
  className="sc-bczRLJ cKrcLx"
>
  <div
    className="sc-gsnTZi ehuJPo"
    data-testid={0}
  >
    <img
      alt=""
      className="sc-dkzDqf fKaELO"
      height={55}
      src="trophy-logo.webp"
      width={119}
    />
    <span
      className="sc-hKMtZM ljwLIZ"
    >
      <strong
        className="sc-eCYdqJ kcBPRM"
      >
        Award winning
      </strong>
      Systems and customer services
    </span>
  </div>
  <div
    className="sc-gsnTZi hdgHuI"
    data-testid={1}
  >
    <img
      alt=""
      className="sc-dkzDqf fJRwIM"
      height={56}
      src="trustpilot-logo.webp"
      width={121}
    />
    <span
      className="sc-hKMtZM ljwLIZ"
    >
      <strong
        className="sc-eCYdqJ kcBPRM"
      >
        4.8 stars on Trustpilot
      </strong>
      From over 30,000 customer reviews
    </span>
  </div>
  <div
    className="sc-gsnTZi ehuJPo"
    data-testid={2}
  >
    <img
      alt=""
      className="sc-dkzDqf fJXcvE"
      height={56}
      src="paypal-logo.webp"
      width={167}
    />
    <span
      className="sc-hKMtZM ljwLIZ"
    >
      <strong
        className="sc-eCYdqJ kcBPRM"
      >
        0% interest up to 4 months
      </strong>
      Minimum spend applies from £99
    </span>
  </div>
</div>
`;
