// Jest Snapshot v1, https://goo.gl/fbAQLP

exports[`InfoBanner component renders a banner with the company address/information and social media links 1`] = `
<div
  className="sc-gsnTZi iINoOT"
>
  <img
    alt=""
    height={72}
    src="pc-logo.webp"
    width={65}
  />
  <p
    className="sc-dkzDqf eKbvWk"
  >
    PC Connect International Ltd, Unit 5, Lower Milehouse Ln, Newcastle-under-Lyme, Newcastle ST5 9EN
  </p>
  <div
    className="sc-hKMtZM gKNjVL"
  >
    <div
      className="sc-eCYdqJ fUTCmC"
    >
      <a
        className="sc-jSMfEi cKabQT"
        href=""
      >
        <i
          className="sc-bczRLJ cerVJK material-symbols-outlined"
        >
          directions
        </i>
        How To Find Us
      </a>
    </div>
    <div
      className="sc-eCYdqJ fUTCmC"
    >
      <a
        className="sc-jSMfEi cKabQT"
        href=""
      >
        <i
          className="sc-bczRLJ cerVJK material-symbols-outlined"
        >
          warehouse
        </i>
        Opening Times
      </a>
    </div>
    <div
      className="sc-eCYdqJ fUTCmC"
    >
      Follow Us
      <a
        className="sc-jSMfEi cKabQT"
        href="https://www.twitter.com"
      >
        <svg
          aria-label="Twitter"
          fill="currentColor"
          height={20}
          title="Twitter"
          width={20}
        >
          twitter.svg
        </svg>
      </a>
      <a
        className="sc-jSMfEi cKabQT"
        href="https://www.facebook.com"
      >
        <svg
          aria-label="Facebook"
          fill="currentColor"
          height={20}
          title="Facebook"
          width={12}
        >
          facebook.svg
        </svg>
      </a>
      <a
        className="sc-jSMfEi cKabQT"
        href="https://www.instagram.com"
      >
        <svg
          aria-label="Instagram"
          fill="currentColor"
          height={23}
          title="Instagram"
          width={20}
        >
          instagram.svg
        </svg>
      </a>
      <a
        className="sc-jSMfEi cKabQT"
        href="https://www.reddit.com"
      >
        <svg
          aria-label="Reddit"
          fill="currentColor"
          height={23}
          title="Reddit"
          width={23}
        >
          reddit.svg
        </svg>
      </a>
      <a
        className="sc-jSMfEi cKabQT"
        href="https://www.youtube.com"
      >
        <svg
          aria-label="YouTube"
          fill="currentColor"
          height={22}
          title="YouTube"
          width={25}
        >
          youtube.svg
        </svg>
      </a>
    </div>
  </div>
</div>
`;
