// Jest Snapshot v1, https://goo.gl/fbAQLP

exports[`LinkWithChevron component renders a link with a chevron icon 1`] = `
<a
  className="sc-gsnTZi FwZzn"
  data-testid="link-chevron"
  href="test url"
>
  test text
  <div
    className="sc-dkzDqf iNOEfq"
  >
    <i
      className="sc-bczRLJ klUGFp material-icons"
    >
      chevron_right
    </i>
  </div>
</a>
`;
