// Jest Snapshot v1, https://goo.gl/fbAQLP

exports[`ProShopCards component renders 6 pro shop cards with links and shop descriptions 1`] = `
<section
  className="sc-hKMtZM emMgDn"
>
  <div
    className="sc-eCYdqJ bdNuOY"
  >
    <div
      className="sc-jSMfEi dcZuIl"
    />
    <p
      className="sc-iBkjds goUvbR"
    >
      The fastest gaming PCs - plus a huge range of peripherals for
      the ultimate gaming experience.
    </p>
    <a
      className="sc-gsnTZi uCbTy"
      data-testid="link-chevron"
      href=""
    >
      Visit Gaming Store
      <div
        className="sc-dkzDqf iNOEfq"
      >
        <i
          className="sc-bczRLJ dxnJQy material-icons"
        >
          chevron_right
        </i>
      </div>
    </a>
  </div>
  <div
    className="sc-eCYdqJ cGiOJq"
  >
    <div
      className="sc-jSMfEi kGFXmX"
    />
    <p
      className="sc-iBkjds goUvbR"
    >
      Workstations and servers for graphics-intensive workflows such
      as AEC & BIM, CAD & CAE and M & E.
    </p>
    <a
      className="sc-gsnTZi uCbTy"
      data-testid="link-chevron"
      href=""
    >
      Visit Graphics Store
      <div
        className="sc-dkzDqf iNOEfq"
      >
        <i
          className="sc-bczRLJ dxnJQy material-icons"
        >
          chevron_right
        </i>
      </div>
    </a>
  </div>
  <div
    className="sc-eCYdqJ cazMUx"
  >
    <div
      className="sc-jSMfEi imUCaq"
    />
    <p
      className="sc-iBkjds goUvbR"
    >
      Computer based music and audio production - plus the best in
      music technology and instruments.
    </p>
    <a
      className="sc-gsnTZi uCbTy"
      data-testid="link-chevron"
      href=""
    >
      Visit Audio Store
      <div
        className="sc-dkzDqf iNOEfq"
      >
        <i
          className="sc-bczRLJ dxnJQy material-icons"
        >
          chevron_right
        </i>
      </div>
    </a>
  </div>
  <div
    className="sc-eCYdqJ hVfdrK"
  >
    <div
      className="sc-jSMfEi hsJuNg"
    />
    <p
      className="sc-iBkjds goUvbR"
    >
      Film and broadcast equipment, workstations for professional
      video and media production workflows.
    </p>
    <a
      className="sc-gsnTZi uCbTy"
      data-testid="link-chevron"
      href=""
    >
      Visit Video Store
      <div
        className="sc-dkzDqf iNOEfq"
      >
        <i
          className="sc-bczRLJ dxnJQy material-icons"
        >
          chevron_right
        </i>
      </div>
    </a>
  </div>
  <div
    className="sc-eCYdqJ fZGyIH"
  >
    <h4
      className="sc-gKXOVf ZvYjb"
    >
      Digital Signage Solutions
    </h4>
    <p
      className="sc-iBkjds goUvbR"
    >
      Reinvent the way you engage with customers with solutions that
      provide invaluable insights and customer data.
    </p>
    <a
      className="sc-gsnTZi uCbTy"
      data-testid="link-chevron"
      href=""
    >
      View Signage Solutions
      <div
        className="sc-dkzDqf iNOEfq"
      >
        <i
          className="sc-bczRLJ dxnJQy material-icons"
        >
          chevron_right
        </i>
      </div>
    </a>
  </div>
  <div
    className="sc-eCYdqJ ctBeWr"
  >
    <h4
      className="sc-gKXOVf ZvYjb"
    >
      Deep Learning & AI
    </h4>
    <p
      className="sc-iBkjds goUvbR"
    >
      Desktop, datacentre and cloud solutions for developing and
      deploying deep learning and AI models.
    </p>
    <a
      className="sc-gsnTZi uCbTy"
      data-testid="link-chevron"
      href=""
    >
      Find Out More
      <div
        className="sc-dkzDqf iNOEfq"
      >
        <i
          className="sc-bczRLJ dxnJQy material-icons"
        >
          chevron_right
        </i>
      </div>
    </a>
  </div>
</section>
`;
