// Jest Snapshot v1, https://goo.gl/fbAQLP

exports[`PageBackground component renders a container and a background image 1`] = `
.c0 {
  height: 100%;
  position: absolute;
  width: 100%;
  z-index: -100;
}

.c1 {
  background-color: var(--color-grey-12);
  background-image: linear-gradient(var(--color-grey-15),var(--color-grey-15));
  background-position: center;
  background-repeat: no-repeat;
  background-size: 1294px 100%;
  display: -webkit-box;
  display: -webkit-flex;
  display: -ms-flexbox;
  display: flex;
  height: 100vh;
  -webkit-box-pack: center;
  -webkit-justify-content: center;
  -ms-flex-pack: center;
  justify-content: center;
  overflow: hidden;
  position: -webkit-sticky;
  position: sticky;
  top: 0;
}

.c1 img {
  display: none;
}

@media screen and (min-width:1310px) {
  .c1 img {
    display: initial;
  }
}

<div
  className="c0"
>
  <div
    className="c1"
  >
    <img
      alt=""
      data-nimg="future"
      decoding="async"
      height={24}
      onError={[Function]}
      onLoad={[Function]}
      src="/_next/image?url=%2Fimg.jpg&w=48&q=85"
      srcSet="/_next/image?url=%2Fimg.jpg&w=32&q=85 1x, /_next/image?url=%2Fimg.jpg&w=48&q=85 2x"
      style={
        {
          "color": "transparent",
        }
      }
      width={24}
    />
  </div>
</div>
`;
