// Jest Snapshot v1, https://goo.gl/fbAQLP

exports[`Carousel component renders a carousel and all of its navigation buttons 1`] = `
.c6 {
  background-color: black;
  margin-right: -100%;
  min-height: 450px;
  overflow: hidden;
  padding: 10px 20px 0;
  position: relative;
  width: 100%;
}

.c7 {
  position: absolute;
  right: -383px;
  top: 0;
}

.c8 {
  color: white;
  position: relative;
  text-align: center;
}

.c9 {
  display: inline-block;
  margin-top: 10px;
}

.c9 img {
  display: block;
  height: auto;
  max-width: 100%;
}

.c10 {
  font-family: 'Uni Sans',sans-serif;
  font-size: 1.93rem;
  margin-bottom: 10px;
  margin-top: 5px;
}

.c11 {
  font-size: 0.88rem;
  line-height: 1.6;
}

.c12 {
  left: 50%;
  position: absolute;
  top: 180px;
  -webkit-transform: translateX(-50%);
  -ms-transform: translateX(-50%);
  transform: translateX(-50%);
  width: 325px;
}

.c12 img {
  display: block;
  height: auto;
  max-width: 100%;
}

.c13 {
  position: relative;
  width: 30%;
}

.c14 {
  font-family: 'Uni Sans',sans-serif;
  font-size: 1.3rem;
  font-weight: 600;
  margin-left: 10px;
  text-indent: 10px;
}

.c14 img {
  margin-left: 15px;
}

.c15 {
  font-size: 0.9rem;
  padding: 10px 0 0 18px;
}

.c15 li {
  padding: 5px 0;
}

.c0 {
  box-shadow: 0 3px 5px rgb(0 0 0 / 40%);
  display: -webkit-box;
  display: -webkit-flex;
  display: -ms-flexbox;
  display: flex;
  overflow: hidden;
  position: relative;
  width: 100%;
}

.c1 {
  background-color: rgb(83 83 83 / 80%);
  border-bottom: 1px solid var(--color-grey-7);
  -webkit-box-pack: space-around;
  -webkit-justify-content: space-around;
  -ms-flex-pack: space-around;
  justify-content: space-around;
  top: 0;
  width: 100%;
  display: -webkit-box;
  display: -webkit-flex;
  display: -ms-flexbox;
  display: flex;
  list-style: none;
  position: absolute;
  z-index: 10;
}

.c2 {
  background: none;
  border-bottom: 3px solid var(--color-orange-1);
  color: #b9b9b9;
  font-family: 'Uni Sans',sans-serif;
  font-size: 0.83rem;
  font-weight: 600;
  padding: 16px 20px 12px;
  -webkit-transform: scale(1.06);
  -ms-transform: scale(1.06);
  transform: scale(1.06);
  cursor: pointer;
  -webkit-user-select: none;
  -moz-user-select: none;
  -ms-user-select: none;
  user-select: none;
}

.c2:hover {
  color: var(--color-grey-9);
}

.c2.c2 {
  color: white;
}

.c3 {
  background: none;
  color: #b9b9b9;
  font-family: 'Uni Sans',sans-serif;
  font-size: 0.83rem;
  font-weight: 600;
  padding: 16px 20px 12px;
  cursor: pointer;
  -webkit-user-select: none;
  -moz-user-select: none;
  -ms-user-select: none;
  user-select: none;
}

.c3:hover {
  color: var(--color-grey-9);
}

.c16 {
  -webkit-align-items: center;
  -webkit-box-align: center;
  -ms-flex-align: center;
  align-items: center;
  bottom: 15px;
  left: 50%;
  -webkit-transform: translateX(-50%);
  -ms-transform: translateX(-50%);
  transform: translateX(-50%);
  display: -webkit-box;
  display: -webkit-flex;
  display: -ms-flexbox;
  display: flex;
  list-style: none;
  position: absolute;
  z-index: 10;
}

.c16 li {
  display: -webkit-box;
  display: -webkit-flex;
  display: -ms-flexbox;
  display: flex;
}

.c17 {
  background: var(--color-orange-1);
  border-radius: 2px;
  height: 7px;
  margin: 0 5px;
  -webkit-transition: all 100ms ease-in-out;
  transition: all 100ms ease-in-out;
  width: 33px;
  cursor: pointer;
  -webkit-user-select: none;
  -moz-user-select: none;
  -ms-user-select: none;
  user-select: none;
}

.c18 {
  background: white;
  border-radius: 2px;
  height: 5px;
  margin: 0 5px;
  -webkit-transition: all 100ms ease-in-out;
  transition: all 100ms ease-in-out;
  width: 33px;
  cursor: pointer;
  -webkit-user-select: none;
  -moz-user-select: none;
  -ms-user-select: none;
  user-select: none;
}

.c4 {
  -webkit-box-pack: justify;
  -webkit-justify-content: space-between;
  -ms-flex-pack: justify;
  justify-content: space-between;
  padding: 0 15px;
  top: 50%;
  -webkit-transform: translateY(-50%);
  -ms-transform: translateY(-50%);
  transform: translateY(-50%);
  width: 100%;
  display: -webkit-box;
  display: -webkit-flex;
  display: -ms-flexbox;
  display: flex;
  list-style: none;
  position: absolute;
  z-index: 10;
}

.c5 {
  -webkit-align-items: center;
  -webkit-box-align: center;
  -ms-flex-align: center;
  align-items: center;
  background-color: white;
  border-radius: 50%;
  box-shadow: 1px 4px 4px rgb(0 0 0 / 50%);
  display: -webkit-box;
  display: -webkit-flex;
  display: -ms-flexbox;
  display: flex;
  height: 32px;
  -webkit-box-pack: center;
  -webkit-justify-content: center;
  -ms-flex-pack: center;
  justify-content: center;
  width: 32px;
  cursor: pointer;
  -webkit-user-select: none;
  -moz-user-select: none;
  -ms-user-select: none;
  user-select: none;
}

@media screen and (min-width:550px) {
  .c6 {
    padding: 10px 60px 0;
  }
}

@media screen and (min-width:715px) {
  .c6 {
    padding: 90px 60px 0;
    min-height: 385px;
  }
}

@media screen and (min-width:1000px) {
  .c6 {
    display: -webkit-box;
    display: -webkit-flex;
    display: -ms-flexbox;
    display: flex;
    -webkit-box-pack: justify;
    -webkit-justify-content: space-between;
    -ms-flex-pack: justify;
    justify-content: space-between;
  }
}

@media screen and (max-width:714px) {
  .c7::after {
    background-image: linear-gradient( to right, rgb(0 0 0 / 40%), rgb(0 0 0 / 15%) );
    content: '';
    height: 100%;
    left: 0;
    position: absolute;
    width: 100%;
  }
}

@media screen and (min-width:1000px) {
  .c7 {
    right: initial;
    left: 50%;
    -webkit-transform: translateX(-50%);
    -ms-transform: translateX(-50%);
    transform: translateX(-50%);
  }
}

@media screen and (min-width:715px) {
  .c8 {
    width: 40%;
    text-align: left;
  }
}

@media screen and (min-width:1000px) {
  .c8 {
    width: 30%;
  }
}

@media screen and (max-width:714px) {
  .c9 {
    width: 125px;
  }
}

@media screen and (min-width:715px) {
  .c10 {
    margin-top: 15px;
  }
}

@media screen and (min-width:715px) {
  .c12 {
    -webkit-transform: translateX(-10%);
    -ms-transform: translateX(-10%);
    transform: translateX(-10%);
    top: 100px;
  }
}

@media screen and (min-width:850px) {
  .c12 {
    width: 350px;
    top: 90px;
    right: 110px;
    left: initial;
    -webkit-transform: initial;
    -ms-transform: initial;
    transform: initial;
  }
}

@media screen and (min-width:1000px) {
  .c12 {
    width: 325px;
    top: 100px;
    left: 50%;
    -webkit-transform: translateX(-50%);
    -ms-transform: translateX(-50%);
    transform: translateX(-50%);
  }
}

@media screen and (min-width:1100px) {
  .c12 {
    width: 375px;
    top: 80px;
  }
}

@media screen and (max-width:999px) {
  .c13 {
    display: none;
  }
}

@media screen and (max-width:714px) {
  .c1 {
    display: none;
  }
}

@media screen and (min-width:715px) {
  .c16 {
    display: none;
  }
}

<section
  className="c0"
>
  <ul
    className="c1"
  >
    <li>
      <button
        className="c2"
        onClick={[Function]}
        type="button"
      >
        slide-1
      </button>
    </li>
    <li>
      <button
        className="c3"
        onClick={[Function]}
        type="button"
      >
        slide-2
      </button>
    </li>
    <li>
      <button
        className="c3"
        onClick={[Function]}
        type="button"
      >
        slide-3
      </button>
    </li>
  </ul>
  <ul
    className="c4"
  >
    <li>
      <button
        aria-label="Previous Slide"
        className="c5"
        onClick={[Function]}
        title="Previous"
        type="button"
      >
        <svg
          fill="currentColor"
          height={19}
          viewBox="0 0 384 512"
          width={14}
          xmlns="http://www.w3.org/2000/svg"
        >
          <path
            d="M41.4 233.4c-12.5 12.5-12.5 32.8 0 45.3l192 192c12.5 12.5 32.8 12.5 45.3 0s12.5-32.8 0-45.3L109.3 256 278.6 86.6c12.5-12.5 12.5-32.8 0-45.3s-32.8-12.5-45.3 0l-192 192z"
          />
        </svg>
      </button>
    </li>
    <li>
      <button
        aria-label="Next Slide"
        className="c5"
        onClick={[Function]}
        title="Next"
        type="button"
      >
        <svg
          fill="currentColor"
          height={19}
          viewBox="0 0 384 512"
          width={14}
          xmlns="http://www.w3.org/2000/svg"
        >
          <path
            d="M342.6 233.4c12.5 12.5 12.5 32.8 0 45.3l-192 192c-12.5 12.5-32.8 12.5-45.3 0s-12.5-32.8 0-45.3L274.7 256 105.4 86.6c-12.5-12.5-12.5-32.8 0-45.3s32.8-12.5 45.3 0l192 192z"
          />
        </svg>
      </button>
    </li>
  </ul>
  <div
    className="c6"
    data-testid="slide-1"
  >
    <div
      className="c7"
    >
      <img
        alt=""
        priority="true"
        quality={90}
      />
    </div>
    <div
      className="c8"
    >
      <div
        className="c9"
      >
        <img />
      </div>
      <h4
        className="c10"
      />
      <p
        className="c11"
      />
    </div>
    <div
      className="c12"
    >
      <img
        quality={90}
      />
    </div>
    <div
      className="c13"
    >
      <h4
        className="c14"
      >
        <img />
      </h4>
      <ul
        className="c15"
      />
    </div>
  </div>
  <ul
    className="c16"
  >
    <li>
      <button
        aria-label="Slide 1 of 3"
        className="c17"
        onClick={[Function]}
        type="button"
      />
    </li>
    <li>
      <button
        aria-label="Slide 2 of 3"
        className="c18"
        onClick={[Function]}
        type="button"
      />
    </li>
    <li>
      <button
        aria-label="Slide 3 of 3"
        className="c18"
        onClick={[Function]}
        type="button"
      />
    </li>
  </ul>
</section>
`;
