// Jest Snapshot v1, https://goo.gl/fbAQLP

exports[`Links component renders a heading along with related links 1`] = `
<div>
  <h3
    className="sc-eCYdqJ eSKKko"
  >
    Information
  </h3>
  <ul
    className="sc-gKXOVf gBeijN"
    id="Information"
    style={
      Object {
        "height": "auto",
      }
    }
  >
    <li
      style={
        Object {
          "opacity": 1,
          "transform": "none",
        }
      }
    >
      <a
        className="sc-iBkjds hyxYJu"
        href="About url"
      >
        About Us
      </a>
    </li>
    <li
      style={
        Object {
          "opacity": 1,
          "transform": "none",
        }
      }
    >
      <a
        className="sc-iBkjds hyxYJu"
        href="Contact url"
      >
        Contact
      </a>
    </li>
  </ul>
</div>
`;
