// Jest Snapshot v1, https://goo.gl/fbAQLP

exports[`Navbar component renders all links and buttons 1`] = `
.c2 {
  color: white;
  cursor: pointer;
  display: block;
  font-size: var(--font-size-14);
  padding: 15px 20px;
  position: relative;
  -webkit-text-decoration: none;
  text-decoration: none;
  -webkit-transition: all 200ms ease-in-out;
  transition: all 200ms ease-in-out;
  -webkit-user-select: none;
  -moz-user-select: none;
  -ms-user-select: none;
  user-select: none;
  z-index: 10;
}

.c2:hover {
  background-color: var(--color-grey-3);
}

.c0 {
  background-color: var(--color-grey-1);
  box-shadow: var(--box-shadow-xl);
  position: relative;
  z-index: 90;
}

.c1 {
  display: -webkit-box;
  display: -webkit-flex;
  display: -ms-flexbox;
  display: flex;
  -webkit-box-pack: center;
  -webkit-justify-content: center;
  -ms-flex-pack: center;
  justify-content: center;
  list-style: none;
}

<nav
  className="c0"
>
  <ul
    className="c1"
  >
    <li>
      <a
        className="c2"
        href="/"
        onClick={[Function]}
        onMouseEnter={[Function]}
        onTouchStart={[Function]}
      >
        Home
      </a>
    </li>
    <li>
      <button
        aria-controls="components-dropdown"
        aria-expanded={false}
        className="c2"
        onClick={[Function]}
        type="button"
      >
        Components
      </button>
    </li>
    <li>
      <button
        aria-controls="accessories-dropdown"
        aria-expanded={false}
        className="c2"
        onClick={[Function]}
        type="button"
      >
        Accessories
      </button>
    </li>
    <li>
      <a
        className="c2"
        href="/about"
        onClick={[Function]}
        onMouseEnter={[Function]}
        onTouchStart={[Function]}
      >
        About
      </a>
    </li>
    <li>
      <a
        className="c2"
        href="/contact"
        onClick={[Function]}
        onMouseEnter={[Function]}
        onTouchStart={[Function]}
      >
        Contact
      </a>
    </li>
  </ul>
</nav>
`;
