// Jest Snapshot v1, https://goo.gl/fbAQLP

exports[`PromoBanner component renders a promotional banner about RTX studio 1`] = `
<div
  className="sc-eCYdqJ cDKfSV"
>
  <h4
    className="sc-jSMfEi jEiboe"
  >
    RTX Studio
  </h4>
  <p
    className="sc-gKXOVf krPcbR"
  >
    The best laptops and desktops for creating anywhere.
  </p>
  <a
    className="sc-bczRLJ eGUGmS"
    data-testid="link-button"
    href=""
  >
    Find Out More
  </a>
  <img
    alt=""
    className="sc-iBkjds ibwDFM"
    data-testid="logo"
    height={73}
    src="nvidia-logo.webp"
    width={93}
  />
  <img
    alt=""
    className="sc-ftvSup iSGTUF"
    height={124}
    src="blue-detail.webp"
    width={1279}
  />
</div>
`;
